<?xml version="1.0" encoding="utf-8"?><testsuites name="pytest tests"><testsuite name="pytest" errors="0" failures="0" skipped="0" tests="228" time="5.774" timestamp="2026-02-10T16:04:55.718568+08:00" hostname="dereks-macbook.local"><testcase classname="ML.tests.test_api_main.TestDependencyInjection" name="test_get_model_store_returns_none_on_file_not_found" time="0.000" /><testcase classname="ML.tests.test_api_main.TestDependencyInjection" name="test_get_model_store_is_cached" time="0.000" /><testcase classname="ML.tests.test_api_main.TestDependencyInjection" name="test_get_model_manager_returns_instance" time="0.000" /><testcase classname="ML.tests.test_api_main.TestHealthEndpoint" name="test_health_with_store" time="0.003" /><testcase classname="ML.tests.test_api_main.TestHealthEndpoint" name="test_health_store_is_none" time="0.001" /><testcase classname="ML.tests.test_api_main.TestDishesEndpoint" name="test_dishes_success" time="0.001" /><testcase classname="ML.tests.test_api_main.TestDishesEndpoint" name="test_dishes_no_store_returns_503" time="0.001" /><testcase classname="ML.tests.test_api_main.TestPredictEndpoint" name="test_predict_success" time="0.001" /><testcase classname="ML.tests.test_api_main.TestPredictEndpoint" name="test_predict_keyerror_returns_404" time="0.001" /><testcase classname="ML.tests.test_api_main.TestPredictEndpoint" name="test_predict_valueerror_returns_400" time="0.001" /><testcase classname="ML.tests.test_api_main.TestPredictEndpoint" name="test_predict_generic_error_returns_500" time="0.001" /><testcase classname="ML.tests.test_api_main.TestPredictEndpoint" name="test_predict_no_store_returns_503" time="0.001" /><testcase classname="ML.tests.test_api_main.TestStoreStatusEndpoint" name="test_store_status_with_models" time="0.001" /><testcase classname="ML.tests.test_api_main.TestStoreStatusEndpoint" name="test_store_status_no_models" time="0.001" /><testcase classname="ML.tests.test_api_main.TestStoreStatusEndpoint" name="test_store_status_while_training" time="0.001" /><testcase classname="ML.tests.test_api_main.TestStoreStatusEndpoint" name="test_store_status_fetch_sales_exception" time="0.001" /><testcase classname="ML.tests.test_api_main.TestStorePredictEndpoint" name="test_store_predict_training" time="0.002" /><testcase classname="ML.tests.test_api_main.TestStorePredictEndpoint" name="test_store_predict_missing_models" time="0.001" /><testcase classname="ML.tests.test_api_main.TestStorePredictEndpoint" name="test_store_predict_ok" time="0.005" /><testcase classname="ML.tests.test_api_main.TestStorePredictEndpoint" name="test_store_predict_db_error" time="0.001" /><testcase classname="ML.tests.test_core_cv_eval.TestGenerateCvFolds" name="test_single_fold" time="0.001" /><testcase classname="ML.tests.test_core_cv_eval.TestGenerateCvFolds" name="test_multiple_folds" time="0.001" /><testcase classname="ML.tests.test_core_cv_eval.TestGenerateCvFolds" name="test_folds_do_not_overlap" time="0.001" /><testcase classname="ML.tests.test_core_cv_eval.TestGenerateCvFolds" name="test_expanding_window_train_grows" time="0.001" /><testcase classname="ML.tests.test_core_cv_eval.TestGenerateCvFolds" name="test_insufficient_data_skips_fold" time="0.001" /><testcase classname="ML.tests.test_core_cv_eval.TestGenerateCvFolds" name="test_empty_dataframe" time="0.001" /><testcase classname="ML.tests.test_core_cv_eval.TestGenerateCvFolds" name="test_exact_boundary" time="0.001" /><testcase classname="ML.tests.test_core_cv_eval.TestGenerateCvFolds" name="test_zero_folds_requested" time="0.000" /><testcase classname="ML.tests.test_core_cv_eval.TestPrepareCvFoldCache" name="test_returns_correct_cache_structure" time="0.002" /><testcase classname="ML.tests.test_core_cv_eval.TestPrepareCvFoldCache" name="test_prophet_called_per_fold" time="0.003" /><testcase classname="ML.tests.test_core_cv_eval.TestPrepareCvFoldCache" name="test_empty_folds_produce_empty_cache" time="0.001" /><testcase classname="ML.tests.test_core_cv_eval.TestPrepareCvFoldCache" name="test_sanitize_applied_per_fold" time="0.001" /><testcase classname="ML.tests.test_core_cv_eval.TestEvalHybridMae" name="test_xgboost_returns_zero_mae" time="0.000" /><testcase classname="ML.tests.test_core_cv_eval.TestEvalHybridMae" name="test_catboost_returns_zero_mae" time="0.000" /><testcase classname="ML.tests.test_core_cv_eval.TestEvalHybridMae" name="test_lightgbm_returns_zero_mae" time="0.000" /><testcase classname="ML.tests.test_core_cv_eval.TestEvalHybridMae" name="test_unknown_model_type_raises" time="0.000" /><testcase classname="ML.tests.test_core_cv_eval.TestEvalHybridMae" name="test_empty_fold_cache_returns_inf" time="0.000" /><testcase classname="ML.tests.test_core_cv_eval.TestEvalHybridMae" name="test_multiple_folds_averaged" time="0.000" /><testcase classname="ML.tests.test_core_cv_eval.TestEvalHybridMae" name="test_nonzero_residual_gives_nonzero_mae" time="0.000" /><testcase classname="ML.tests.test_core_cv_eval.TestEvalHybridMae" name="test_negative_yhat_clipped_to_zero" time="0.000" /><testcase classname="ML.tests.test_core_cv_eval.TestEvalHybridMae" name="test_gpu_flags_not_used_when_disabled" time="0.000" /><testcase classname="ML.tests.test_core_cv_eval.TestOptimizeHybrid" name="test_returns_best_mae_and_params_xgboost" time="0.001" /><testcase classname="ML.tests.test_core_cv_eval.TestOptimizeHybrid" name="test_returns_best_mae_and_params_catboost" time="0.001" /><testcase classname="ML.tests.test_core_cv_eval.TestOptimizeHybrid" name="test_returns_best_mae_and_params_lightgbm" time="0.001" /><testcase classname="ML.tests.test_core_cv_eval.TestOptimizeHybrid" name="test_unknown_model_type_raises" time="0.001" /><testcase classname="ML.tests.test_core_cv_eval.TestOptimizeHybrid" name="test_optuna_study_called_with_correct_trials" time="0.001" /><testcase classname="ML.tests.test_core_cv_eval.TestOptimizeHybrid" name="test_empty_cache_returns_inf" time="0.001" /><testcase classname="ML.tests.test_core_model_train.TestPipelineConfig" name="test_default_values" time="0.000" /><testcase classname="ML.tests.test_core_model_train.TestPipelineConfig" name="test_default_fallback_location" time="0.000" /><testcase classname="ML.tests.test_core_model_train.TestPipelineConfig" name="test_custom_values" time="0.000" /><testcase classname="ML.tests.test_core_model_train.TestPipelineConfig" name="test_prophet_params_defaults" time="0.000" /><testcase classname="ML.tests.test_core_model_train.TestPipelineConfig" name="test_holiday_years_default" time="0.000" /><testcase classname="ML.tests.test_core_model_train.TestPipelineConfig" name="test_hybrid_tree_features_contains_prophet_yhat" time="0.000" /><testcase classname="ML.tests.test_core_model_train.TestPipelineConfig" name="test_lags_and_rolls" time="0.000" /><testcase classname="ML.tests.test_core_model_train.TestPipelineConfig" name="test_feature_groups_cover_tree_features" time="0.000" /><testcase classname="ML.tests.test_core_model_train.TestFitProphet" name="test_basic_fit" time="0.001" /><testcase classname="ML.tests.test_core_model_train.TestFitProphet" name="test_weather_regressors_added" time="0.000" /><testcase classname="ML.tests.test_core_model_train.TestFitProphet" name="test_missing_weather_cols_not_added" time="0.000" /><testcase classname="ML.tests.test_core_model_train.TestFitProphet" name="test_country_holidays_called" time="0.000" /><testcase classname="ML.tests.test_core_model_train.TestFitProphet" name="test_country_holidays_failure_handled" time="0.001" /><testcase classname="ML.tests.test_core_model_train.TestFitProphet" name="test_prophet_none_raises_import_error" time="0.000" /><testcase classname="ML.tests.test_core_model_train.TestProphetPredict" name="test_basic_predict" time="0.001" /><testcase classname="ML.tests.test_core_model_train.TestProphetPredict" name="test_predict_respects_dataframe_length" time="0.001" /><testcase classname="ML.tests.test_core_model_train.TestProphetPredict" name="test_predict_returns_float_array" time="0.001" /><testcase classname="ML.tests.test_core_model_train.TestModelPersistence" name="test_round_trip" time="0.001" /><testcase classname="ML.tests.test_core_model_train.TestModelPersistence" name="test_round_trip_different_champions" time="0.001" /><testcase classname="ML.tests.test_core_model_train.TestModelPersistence" name="test_dish_name_with_spaces" time="0.001" /><testcase classname="ML.tests.test_core_model_train.TestModelPersistence" name="test_model_dir_created" time="0.001" /><testcase classname="ML.tests.test_core_model_train.TestModelPersistence" name="test_load_nonexistent_raises" time="0.000" /><testcase classname="ML.tests.test_core_model_train.TestModelPersistence" name="test_numpy_array_round_trip" time="0.001" /><testcase classname="ML.tests.test_core_model_train.TestProcessDish" name="test_returns_expected_keys" time="0.002" /><testcase classname="ML.tests.test_core_model_train.TestProcessDish" name="test_champion_is_valid_model_type" time="0.002" /><testcase classname="ML.tests.test_core_model_train.TestProcessDish" name="test_model_type_is_hybrid" time="0.002" /><testcase classname="ML.tests.test_core_model_train.TestProcessDish" name="test_dish_name_returned" time="0.002" /><testcase classname="ML.tests.test_core_model_train.TestProcessDish" name="test_mae_contains_all_three_models" time="0.002" /><testcase classname="ML.tests.test_core_model_train.TestProcessDish" name="test_champion_mae_matches_mae_map" time="0.002" /><testcase classname="ML.tests.test_core_model_train.TestProcessDish" name="test_no_data_for_dish_raises" time="0.001" /><testcase classname="ML.tests.test_core_model_train.TestProcessDish" name="test_insufficient_data_raises" time="0.001" /><testcase classname="ML.tests.test_core_model_train.TestProcessDish" name="test_empty_fold_cache_raises" time="0.001" /><testcase classname="ML.tests.test_core_model_train.TestProcessDish" name="test_models_saved_to_disk" time="0.002" /><testcase classname="ML.tests.test_final_model_v2.FinalModelV2CacheTests" name="test_clear_model_cache" time="0.000" /><testcase classname="ML.tests.test_final_model_v2.FinalModelV2CacheTests" name="test_get_forecast_cached_calls_once" time="0.001" /><testcase classname="ML.tests.test_final_model_v2.FinalModelV2CacheTests" name="test_get_location_cached_calls_once" time="0.000" /><testcase classname="ML.tests.test_final_model_v2.FinalModelV2CacheTests" name="test_load_cached_uses_cache" time="0.001" /><testcase classname="ML.tests.test_final_model_v2.FinalModelV2HybridPredictionTests" name="test_predict_hybrid_multiday_basic" time="0.064" /><testcase classname="ML.tests.test_final_model_v2.FinalModelV2HybridPredictionTests" name="test_predict_hybrid_multiday_zero_mae" time="0.002" /><testcase classname="ML.tests.test_final_model_v2.FinalModelV2GetPredictionTests" name="test_get_prediction_average" time="0.727" /><testcase classname="ML.tests.test_final_model_v2.FinalModelV2GetPredictionTests" name="test_get_prediction_hybrid_path" time="1.024" /><testcase classname="ML.tests.test_final_model_v2.FinalModelV2GetPredictionTests" name="test_get_prediction_missing_forecast" time="1.002" /><testcase classname="ML.tests.test_final_model_v2_more" name="test_get_weather_forecast_no_libs" time="0.001" /><testcase classname="ML.tests.test_final_model_v2_more" name="test_get_forecast_cached" time="0.002" /><testcase classname="ML.tests.test_final_model_v2_more" name="test_get_prediction_average" time="0.001" /><testcase classname="ML.tests.test_final_model_v2_more" name="test_get_prediction_missing_forecast" time="0.001" /><testcase classname="ML.tests.test_final_model_v2_more" name="test_get_prediction_hybrid_path" time="0.001" /><testcase classname="ML.tests.test_final_model_v2_more" name="test_plot_functions" time="0.085" /><testcase classname="ML.tests.test_inference.TestModelStore" name="test_missing_registry_raises" time="0.000" /><testcase classname="ML.tests.test_inference.TestModelStore" name="test_missing_model_files_raises" time="0.001" /><testcase classname="ML.tests.test_inference.TestModelStore" name="test_list_dishes_from_registry" time="0.001" /><testcase classname="ML.tests.test_inference.TestModelStore" name="test_get_dish_model_unknown_dish" time="0.001" /><testcase classname="ML.tests.test_inference.TestWeatherFallbackDf" name="test_returns_correct_columns" time="0.000" /><testcase classname="ML.tests.test_inference.TestWeatherFallbackDf" name="test_uses_seasonal_averages" time="0.000" /><testcase classname="ML.tests.test_inference.TestWeatherFallbackDf" name="test_seasonal_values_vary_by_month" time="0.000" /><testcase classname="ML.tests.test_inference.TestWeatherFallbackDf" name="test_single_date" time="0.000" /><testcase classname="ML.tests.test_inference.TestPrepareFutureWeather" name="test_with_explicit_weather_rows" time="0.001" /><testcase classname="ML.tests.test_inference.TestPrepareFutureWeather" name="test_api_exception_falls_back" time="0.001" /><testcase classname="ML.tests.test_inference.TestPrepareFutureWeather" name="test_api_returns_none_falls_back" time="0.000" /><testcase classname="ML.tests.test_inference.TestPrepareFutureWeather" name="test_missing_columns_filled" time="0.001" /><testcase classname="ML.tests.test_inference.TestPrepareFutureWeather" name="test_insufficient_dates_filled" time="0.001" /><testcase classname="ML.tests.test_inference.TestPrepareFutureWeather" name="test_empty_forecast_falls_back" time="0.000" /><testcase classname="ML.tests.test_inference.TestPredictDishValidation" name="test_empty_sales_raises" time="0.000" /><testcase classname="ML.tests.test_inference.TestPredictDishValidation" name="test_zero_horizon_raises" time="0.000" /><testcase classname="ML.tests.test_inference.TestPredictDishValidation" name="test_negative_horizon_raises" time="0.000" /><testcase classname="ML.tests.test_inference.TestPredictDishValidation" name="test_over_30_horizon_raises" time="0.000" /><testcase classname="ML.tests.test_inference.TestPredictDishMinimal" name="test_predict_dish_minimal_path" time="0.008" /><testcase classname="ML.tests.test_inference.TestPredictDishMinimal" name="test_predict_dish_with_lat_lon_country" time="0.009" /><testcase classname="ML.tests.test_integration_api.TestHealthEndpoint" name="test_health_with_store" time="0.005" /><testcase classname="ML.tests.test_integration_api.TestHealthEndpoint" name="test_health_without_store" time="0.002" /><testcase classname="ML.tests.test_integration_api.TestDishesEndpoint" name="test_dishes_success" time="0.001" /><testcase classname="ML.tests.test_integration_api.TestDishesEndpoint" name="test_dishes_no_store_returns_503" time="0.001" /><testcase classname="ML.tests.test_integration_api.TestPredictEndpoint" name="test_predict_success" time="0.001" /><testcase classname="ML.tests.test_integration_api.TestPredictEndpoint" name="test_predict_key_error_returns_404" time="0.001" /><testcase classname="ML.tests.test_integration_api.TestPredictEndpoint" name="test_predict_value_error_returns_400" time="0.001" /><testcase classname="ML.tests.test_integration_api.TestPredictEndpoint" name="test_predict_runtime_error_returns_500" time="0.002" /><testcase classname="ML.tests.test_integration_api.TestPredictEndpoint" name="test_predict_no_store_returns_503" time="0.001" /><testcase classname="ML.tests.test_integration_api.TestPredictEndpoint" name="test_predict_missing_required_field_returns_422" time="0.001" /><testcase classname="ML.tests.test_integration_api.TestPredictEndpoint" name="test_predict_empty_recent_sales_returns_422" time="0.001" /><testcase classname="ML.tests.test_integration_api.TestPredictEndpoint" name="test_predict_horizon_days_out_of_range_returns_422" time="0.001" /><testcase classname="ML.tests.test_integration_api.TestStoreStatusEndpoint" name="test_store_status_with_models" time="0.002" /><testcase classname="ML.tests.test_integration_api.TestStoreStatusEndpoint" name="test_store_status_no_models" time="0.001" /><testcase classname="ML.tests.test_integration_api.TestStoreStatusEndpoint" name="test_store_status_during_training" time="0.002" /><testcase classname="ML.tests.test_integration_api.TestStoreStatusEndpoint" name="test_store_status_db_error_on_fetch_sales" time="0.001" /><testcase classname="ML.tests.test_integration_api.TestStoreStatusEndpoint" name="test_store_status_has_models_but_get_store_returns_none" time="0.001" /><testcase classname="ML.tests.test_integration_api.TestStorePredictEndpoint" name="test_store_predict_training_in_progress" time="0.001" /><testcase classname="ML.tests.test_integration_api.TestStorePredictEndpoint" name="test_store_predict_missing_models" time="0.001" /><testcase classname="ML.tests.test_integration_api.TestStorePredictEndpoint" name="test_store_predict_missing_models_db_error" time="0.002" /><testcase classname="ML.tests.test_integration_api.TestStorePredictEndpoint" name="test_store_predict_success" time="0.002" /><testcase classname="ML.tests.test_integration_api.TestStorePredictEndpoint" name="test_store_predict_per_dish_error" time="0.003" /><testcase classname="ML.tests.test_integration_api.TestStorePredictEndpoint" name="test_store_predict_with_recent_sales_pickle" time="0.002" /><testcase classname="ML.tests.test_integration_api.TestStorePredictEndpoint" name="test_store_predict_uses_request_lat_lon" time="0.002" /><testcase classname="ML.tests.test_integration_api.TestStorePredictEndpoint" name="test_store_predict_weather_api_failure_still_succeeds" time="0.002" /><testcase classname="ML.tests.test_integration_api.TestStorePredictEndpoint" name="test_store_predict_path_store_id_mismatch" time="0.001" /><testcase classname="ML.tests.test_integration_api.TestStorePredictEndpoint" name="test_store_predict_multiple_dishes" time="0.002" /><testcase classname="ML.tests.test_store_manager" name="test_has_models" time="0.001" /><testcase classname="ML.tests.test_store_manager" name="test_get_store_when_missing" time="0.000" /><testcase classname="ML.tests.test_store_manager" name="test_get_store_when_present" time="0.001" /><testcase classname="ML.tests.test_store_manager" name="test_reload_store" time="0.001" /><testcase classname="ML.tests.test_store_manager" name="test_fetch_store_sales_no_db" time="0.000" /><testcase classname="ML.tests.test_store_manager" name="test_fetch_store_sales_error" time="0.001" /><testcase classname="ML.tests.test_store_manager" name="test_fetch_store_location_no_db" time="0.000" /><testcase classname="ML.tests.test_store_manager" name="test_fetch_store_location_empty" time="0.000" /><testcase classname="ML.tests.test_store_manager" name="test_fetch_store_location_error" time="0.000" /><testcase classname="ML.tests.test_store_manager" name="test_train_store_models_no_data" time="0.000" /><testcase classname="ML.tests.test_store_manager" name="test_train_store_models_insufficient" time="0.001" /><testcase classname="ML.tests.test_store_manager" name="test_train_store_models_already_training" time="0.000" /><testcase classname="ML.tests.test_store_manager" name="test_train_store_models_success" time="0.001" /><testcase classname="ML.tests.test_train_offline.TestFetchStoreIds" name="test_no_engine_raises" time="0.000" /><testcase classname="ML.tests.test_train_offline.TestFetchStoreIds" name="test_id_column_uppercase" time="0.000" /><testcase classname="ML.tests.test_train_offline.TestFetchStoreIds" name="test_id_column_lowercase_with_retry" time="0.000" /><testcase classname="ML.tests.test_train_offline.TestFetchStoreIds" name="test_both_queries_fail_raises" time="0.000" /><testcase classname="ML.tests.test_train_offline.TestTrainSingleStore" name="test_creates_manager_and_trains" time="0.001" /><testcase classname="ML.tests.test_train_offline.TestTrainSingleStore" name="test_returns_error_on_failure" time="0.000" /><testcase classname="ML.tests.test_train_offline.TestTrainStoreIds" name="test_sequential_calls_manager" time="0.000" /><testcase classname="ML.tests.test_train_offline.TestTrainStoreIds" name="test_empty_list_no_training" time="0.000" /><testcase classname="ML.tests.test_train_offline.TestTrainStoreIds" name="test_single_store_always_sequential" time="0.000" /><testcase classname="ML.tests.test_train_offline.TestTrainStoreIds" name="test_parallel_path_invoked" time="0.000" /><testcase classname="ML.tests.test_train_offline.TestTrainStoreIds" name="test_parallel_handles_exception" time="0.000" /><testcase classname="ML.tests.test_train_offline.TestMainCLI" name="test_main_requires_args" time="0.000" /><testcase classname="ML.tests.test_train_offline.TestMainCLI" name="test_main_store_ids" time="0.000" /><testcase classname="ML.tests.test_train_offline.TestMainCLI" name="test_main_all_with_limit" time="0.000" /><testcase classname="ML.tests.test_train_offline.TestMainCLI" name="test_main_workers_flag" time="0.000" /><testcase classname="ML.tests.test_train_offline.TestMainCLI" name="test_main_all_no_limit" time="0.000" /><testcase classname="ML.tests.test_training_logic_v2.TrainingLogicV2Tests" name="test_add_date_features_respects_config" time="0.001" /><testcase classname="ML.tests.test_training_logic_v2.TrainingLogicV2Tests" name="test_add_lag_roll_features" time="0.001" /><testcase classname="ML.tests.test_training_logic_v2.TrainingLogicV2Tests" name="test_add_local_context_fallbacks_when_weather_missing" time="0.003" /><testcase classname="ML.tests.test_training_logic_v2.TrainingLogicV2Tests" name="test_compute_lag_features_from_history" time="0.000" /><testcase classname="ML.tests.test_training_logic_v2.TrainingLogicV2Tests" name="test_compute_lag_features_from_history_defaults" time="0.000" /><testcase classname="ML.tests.test_training_logic_v2.TrainingLogicV2Tests" name="test_pipeline_config_defaults" time="0.000" /><testcase classname="ML.tests.test_training_logic_v2.TrainingLogicV2Tests" name="test_safe_filename" time="0.000" /><testcase classname="ML.tests.test_training_logic_v2.TrainingLogicV2Tests" name="test_safe_filename_no_special" time="0.000" /><testcase classname="ML.tests.test_training_logic_v2.TrainingLogicV2Tests" name="test_sanitize_sparse_data_fills_dates" time="0.002" /><testcase classname="ML.tests.test_training_logic_v2.TrainingLogicV2Tests" name="test_weather_cols_defined" time="0.000" /><testcase classname="ML.tests.test_training_logic_v2_extra" name="test_get_gpu_flags_caches" time="0.016" /><testcase classname="ML.tests.test_training_logic_v2_extra" name="test_get_location_details_success" time="0.000" /><testcase classname="ML.tests.test_training_logic_v2_extra" name="test_get_location_details_failure" time="0.000" /><testcase classname="ML.tests.test_training_logic_v2_extra" name="test_get_historical_weather_no_libs" time="0.000" /><testcase classname="ML.tests.test_training_logic_v2_extra" name="test_fetch_weather_from_db_no_url" time="0.000" /><testcase classname="ML.tests.test_training_logic_v2_extra" name="test_fetch_weather_from_db_success" time="0.001" /><testcase classname="ML.tests.test_training_logic_v2_extra" name="test_fit_prophet_and_predict" time="0.001" /><testcase classname="ML.tests.test_training_logic_v2_extra" name="test_build_residual_features" time="0.000" /><testcase classname="ML.tests.test_training_logic_v2_extra" name="test_generate_cv_folds" time="0.001" /><testcase classname="ML.tests.test_training_logic_v2_extra" name="test_prepare_cv_fold_cache" time="0.002" /><testcase classname="ML.tests.test_training_logic_v2_extra" name="test_eval_hybrid_mae_xgb" time="0.000" /><testcase classname="ML.tests.test_training_logic_v2_extra" name="test_eval_hybrid_mae_catboost" time="0.000" /><testcase classname="ML.tests.test_training_logic_v2_extra" name="test_eval_hybrid_mae_lightgbm" time="0.000" /><testcase classname="ML.tests.test_training_logic_v2_extra" name="test_save_and_load_models" time="0.001" /><testcase classname="ML.tests.test_training_logic_v2_extra" name="test_process_dish_success" time="0.001" /><testcase classname="ML.tests.test_unit.TestSafeFilename" name="test_replaces_spaces" time="0.000" /><testcase classname="ML.tests.test_unit.TestSafeFilename" name="test_replaces_hyphens" time="0.000" /><testcase classname="ML.tests.test_unit.TestSafeFilename" name="test_replaces_slashes" time="0.000" /><testcase classname="ML.tests.test_unit.TestSafeFilename" name="test_combined_special_chars" time="0.000" /><testcase classname="ML.tests.test_unit.TestSafeFilename" name="test_no_special_chars" time="0.000" /><testcase classname="ML.tests.test_unit.TestSafeFilename" name="test_empty_string" time="0.000" /><testcase classname="ML.tests.test_unit.TestSafeFilename" name="test_multiple_consecutive_specials" time="0.000" /><testcase classname="ML.tests.test_unit.TestComputeLagFeaturesFromHistory" name="test_basic_lag_features" time="0.000" /><testcase classname="ML.tests.test_unit.TestComputeLagFeaturesFromHistory" name="test_rolling_mean_and_std" time="0.001" /><testcase classname="ML.tests.test_unit.TestComputeLagFeaturesFromHistory" name="test_short_history_uses_fallback" time="0.000" /><testcase classname="ML.tests.test_unit.TestComputeLagFeaturesFromHistory" name="test_single_element_history" time="0.000" /><testcase classname="ML.tests.test_unit.TestComputeLagFeaturesFromHistory" name="test_custom_lags_and_windows" time="0.000" /><testcase classname="ML.tests.test_unit.TestComputeLagFeaturesFromHistory" name="test_default_lags_and_windows" time="0.000" /><testcase classname="ML.tests.test_unit.TestComputeLagFeaturesFromHistory" name="test_empty_history_edge_case" time="0.000" /><testcase classname="ML.tests.test_unit.TestFetchWeatherForecast" name="test_returns_none_when_libs_unavailable" time="0.000" /><testcase classname="ML.tests.test_unit.TestFetchWeatherForecast" name="test_successful_api_call" time="0.001" /><testcase classname="ML.tests.test_unit.TestFetchWeatherForecast" name="test_api_exception_returns_none" time="0.000" /><testcase classname="ML.tests.test_unit.TestFetchWeatherForecast" name="test_forecast_days_clamped" time="0.000" /><testcase classname="ML.tests.test_unit.TestSetupLogger" name="test_returns_logger_with_correct_name" time="0.000" /><testcase classname="ML.tests.test_unit.TestSetupLogger" name="test_sets_custom_level" time="0.000" /><testcase classname="ML.tests.test_unit.TestSetupLogger" name="test_adds_handler_only_once" time="0.000" /><testcase classname="ML.tests.test_unit.TestSetupLogger" name="test_handler_is_stream_handler" time="0.000" /><testcase classname="ML.tests.test_unit.TestSilenceNoisyLoggers" name="test_silences_prophet_loggers" time="0.000" /><testcase classname="ML.tests.test_unit.TestConfigureBasicLogging" name="test_does_not_raise" time="0.000" /><testcase classname="ML.tests.test_unit.TestSecureIO" name="test_secure_dump_creates_pkl_and_hash" time="0.001" /><testcase classname="ML.tests.test_unit.TestSecureIO" name="test_secure_load_integrity_passes" time="0.001" /><testcase classname="ML.tests.test_unit.TestSecureIO" name="test_secure_load_integrity_fails_on_tampered_file" time="0.001" /><testcase classname="ML.tests.test_unit.TestSecureIO" name="test_secure_load_integrity_fails_on_tampered_hash" time="0.001" /><testcase classname="ML.tests.test_unit.TestSecureIO" name="test_secure_load_no_hash_file_warns" time="0.000" /><testcase classname="ML.tests.test_unit.TestSecureIO" name="test_hash_path_suffix" time="0.000" /><testcase classname="ML.tests.test_unit.TestSecureIO" name="test_hash_file_deterministic" time="0.000" /><testcase classname="ML.tests.test_unit.TestSecureIO" name="test_round_trip_complex_object" time="0.001" /></testsuite></testsuites>